// Jest Snapshot v1, https://goo.gl/fbAQLP

exports[`extractData() extracts benchmark output from cargo - cargo_output.txt 1`] = `
[
  {
    "name": "bench_fib_10",
    "range": "± 24",
    "unit": "ns/iter",
    "value": 135,
  },
  {
    "name": "bench_fib_20",
    "range": "± 755",
    "unit": "ns/iter",
    "value": 18149,
  },
]
`;

exports[`extractData() extracts benchmark output from cargo - cargo_output_units.txt 1`] = `
[
  {
    "name": "cmov",
    "range": "± 14",
    "unit": "cycles/iter",
    "value": 2835,
  },
  {
    "name": "cmov2",
    "range": "± 19",
    "unit": "cycles/iter",
    "value": 2845,
  },
  {
    "name": "mov",
    "range": "± 17",
    "unit": "cycles/iter",
    "value": 1508,
  },
  {
    "name": "upload",
    "range": "± 420",
    "unit": "MS/s",
    "value": 1911,
  },
  {
    "name": "download",
    "range": "± 69",
    "unit": "MS/s",
    "value": 9001,
  },
]
`;

exports[`extractData() extracts benchmark output from cargo - cargo_output2.txt 1`] = `
[
  {
    "name": "bench_engine_new",
    "range": "± 70126",
    "unit": "ns/iter",
    "value": 211834,
  },
  {
    "name": "bench_engine_new_raw",
    "range": "± 18",
    "unit": "ns/iter",
    "value": 197,
  },
  {
    "name": "bench_engine_new_raw_core",
    "range": "± 31",
    "unit": "ns/iter",
    "value": 196,
  },
  {
    "name": "bench_engine_register_fn",
    "range": "± 82",
    "unit": "ns/iter",
    "value": 493,
  },
]
`;

exports[`extractData() extracts benchmark output from cargo - cargo_output3.txt 1`] = `
[
  {
    "name": "bench_fib_10",
    "range": "± 2.21",
    "unit": "ns/iter",
    "value": 148.7,
  },
  {
    "name": "bench_fib_20",
    "range": "± 440.25",
    "unit": "ns/iter",
    "value": 18794.12,
  },
]
`;

exports[`extractData() extracts benchmark output from cargo - criterion_output.txt 1`] = `
[
  {
    "name": "Create Realm",
    "range": "± 4",
    "unit": "ns/iter",
    "value": 329,
  },
  {
    "name": "Symbols (Execution)",
    "range": "± 47",
    "unit": "ns/iter",
    "value": 3268,
  },
  {
    "name": "For loop (Execution)",
    "range": "± 123",
    "unit": "ns/iter",
    "value": 12314,
  },
  {
    "name": "Fibonacci (Execution)",
    "range": "± 10166",
    "unit": "ns/iter",
    "value": 1672496,
  },
]
`;
